
> frontend@0.1.0 build
> next build --webpack

node.exe : [baseline-browser-mapping] The data in this module is 
over two months old.  To ensure accurate Baseline data, please 
update: `npm i baseline-browser-mapping@latest -D`
At line:1 char:1
+ & "V:\Programs\nodejs/node.exe" 
"V:\Programs\nodejs/node_modules/npm/ ...
+ ~~~~~~~~~~~~~~~~~~~~~~~~~~~~~~~~~~~~~~~~~~~~~~~~~~~~~~~~~~~~~~~
~~~~~~
    + CategoryInfo          : NotSpecified: ([baseline-brows...p 
   ing@latest -D`:String) [], RemoteException
    + FullyQualifiedErrorId : NativeCommandError
 
 ΓÜá Warning: Next.js inferred your workspace root, but it may 
not be correct.
 We detected multiple lockfiles and selected the directory of 
V:\Projects\AutoSecure\package-lock.json as the root directory.
 To silence this warning, set `outputFileTracingRoot` in your 
Next.js config, or consider removing one of the lockfiles if 
it's not needed.
   See https://nextjs.org/docs/app/api-reference/config/next-conf
ig-js/output#caveats for more information.
 Detected additional lockfiles: 
   * V:\Projects\AutoSecure\frontend\package-lock.json

   Γû▓ Next.js 16.0.7 (webpack)
   - Environments: .env.local

   Creating an optimized production build ...
[baseline-browser-mapping] The data in this module is over two 
months old.  To ensure accurate Baseline data, please update: 
`npm i baseline-browser-mapping@latest -D`
 Γ£ô Compiled successfully in 6.7s
   Running TypeScript ...
   Collecting page data using 11 workers ...
[baseline-browser-mapping] The data in this module is over two 
months old.  To ensure accurate Baseline data, please update: 
`npm i baseline-browser-mapping@latest -D`
[baseline-browser-mapping] The data in this module is over two 
months old.  To ensure accurate Baseline data, please update: 
`npm i baseline-browser-mapping@latest -D`
[baseline-browser-mapping] The data in this module is over two 
months old.  To ensure accurate Baseline data, please update: 
`npm i baseline-browser-mapping@latest -D`
[baseline-browser-mapping] The data in this module is over two 
months old.  To ensure accurate Baseline data, please update: 
`npm i baseline-browser-mapping@latest -D`
[baseline-browser-mapping] The data in this module is over two 
months old.  To ensure accurate Baseline data, please update: 
`npm i baseline-browser-mapping@latest -D`
[baseline-browser-mapping] The data in this module is over two 
months old.  To ensure accurate Baseline data, please update: 
`npm i baseline-browser-mapping@latest -D`
[baseline-browser-mapping] The data in this module is over two 
months old.  To ensure accurate Baseline data, please update: 
`npm i baseline-browser-mapping@latest -D`
[baseline-browser-mapping] The data in this module is over two 
months old.  To ensure accurate Baseline data, please update: 
`npm i baseline-browser-mapping@latest -D`
[baseline-browser-mapping] The data in this module is over two 
months old.  To ensure accurate Baseline data, please update: 
`npm i baseline-browser-mapping@latest -D`
[baseline-browser-mapping] The data in this module is over two 
months old.  To ensure accurate Baseline data, please update: 
`npm i baseline-browser-mapping@latest -D`
[baseline-browser-mapping] The data in this module is over two 
months old.  To ensure accurate Baseline data, please update: 
`npm i baseline-browser-mapping@latest -D`
   Generating static pages using 11 workers (0/19) ...
[baseline-browser-mapping] The data in this module is over two 
months old.  To ensure accurate Baseline data, please update: 
`npm i baseline-browser-mapping@latest -D`
   Generating static pages using 11 workers (4/19) 
   Generating static pages using 11 workers (9/19) 
   Generating static pages using 11 workers (14/19) 
 Γ£ô Generating static pages using 11 workers (19/19) in 1266.4ms
   Finalizing page optimization ...
   Collecting build traces ...

Route (app)
Γöî Γùï /
Γö£ Γùï /_not-found
Γö£ Γùï /admin/audit-logs
Γö£ Γùï /admin/email-templates
Γö£ Γùï /admin/users
Γö£ Γùï /dashboard
Γö£ Γùï /exports
Γö£ Γùï /licenses
Γö£ ΓùÅ /licenses/[id]
Γöé Γöö /licenses/dummy
Γö£ ΓùÅ /licenses/[id]/edit
Γöé Γöö /licenses/dummy/edit
Γö£ Γùï /licenses/new
Γö£ Γùï /login
Γö£ Γùï /policies
Γö£ ΓùÅ /policies/[id]
Γöé Γöö /policies/dummy
Γö£ ΓùÅ /policies/[id]/edit
Γöé Γöö /policies/dummy/edit
Γö£ Γùï /policies/new
Γöö Γùï /verify-totp


Γùï  (Static)  prerendered as static content
ΓùÅ  (SSG)     prerendered as static HTML (uses generateStaticParams)

